[    0.000000] Initializing cgroup subsys cpuset
[    0.000000] Initializing cgroup subsys cpu
[    0.000000] Initializing cgroup subsys cpuacct
[    0.000000] Linux version 4.4.0-157-generic (buildd@lgw01-amd64-037) (gcc version 5.4.0 20160609 (Ubuntu 5.4.0-6ubuntu1~16.04.10) ) #185-Ubuntu SMP Tue Jul 23 09:17:01 UTC 2019 (Ubuntu 4.4.0-157.185-generic 4.4.181)
[    0.000000] Command line: BOOT_IMAGE=/boot/vmlinuz-4.4.0-157-generic root=LABEL=cloudimg-rootfs ro console=tty1 console=ttyS0
[    0.000000] KERNEL supported cpus:
[    0.000000]   Intel GenuineIntel
[    0.000000]   AMD AuthenticAMD
[    0.000000]   Centaur CentaurHauls
[    0.000000] x86/fpu: xstate_offset[2]:  576, xstate_sizes[2]:  256
[    0.000000] x86/fpu: Supporting XSAVE feature 0x01: 'x87 floating point registers'
[    0.000000] x86/fpu: Supporting XSAVE feature 0x02: 'SSE registers'
[    0.000000] x86/fpu: Supporting XSAVE feature 0x04: 'AVX registers'
[    0.000000] x86/fpu: Enabled xstate features 0x7, context size is 832 bytes, using 'standard' format.
[    0.000000] e820: BIOS-provided physical RAM map:
[    0.000000] BIOS-e820: [mem 0x0000000000000000-0x000000000009fbff] usable
[    0.000000] BIOS-e820: [mem 0x000000000009fc00-0x000000000009ffff] reserved
[    0.000000] BIOS-e820: [mem 0x00000000000f0000-0x00000000000fffff] reserved
[    0.000000] BIOS-e820: [mem 0x0000000000100000-0x000000003ffeffff] usable
[    0.000000] BIOS-e820: [mem 0x000000003fff0000-0x000000003fffffff] ACPI data
[    0.000000] BIOS-e820: [mem 0x00000000fec00000-0x00000000fec00fff] reserved
[    0.000000] BIOS-e820: [mem 0x00000000fee00000-0x00000000fee00fff] reserved
[    0.000000] BIOS-e820: [mem 0x00000000fffc0000-0x00000000ffffffff] reserved
[    0.000000] NX (Execute Disable) protection: active
[    0.000000] SMBIOS 2.5 present.
[    0.000000] Hypervisor detected: KVM
[    0.000000] e820: last_pfn = 0x3fff0 max_arch_pfn = 0x400000000
[    0.000000] MTRR: Disabled
[    0.000000] x86/PAT: MTRRs disabled, skipping PAT initialization too.
[    0.000000] CPU MTRRs all blank - virtualized system.
[    0.000000] x86/PAT: Configuration [0-7]: WB  WT  UC- UC  WB  WT  UC- UC  
[    0.000000] found SMP MP-table at [mem 0x0009fff0-0x0009ffff] mapped at [ffff88000009fff0]
[    0.000000] Scanning 1 areas for low memory corruption
[    0.000000] RAMDISK: [mem 0x362fc000-0x37175fff]
[    0.000000] ACPI: Early table checksum verification disabled
[    0.000000] ACPI: RSDP 0x00000000000E0000 000024 (v02 VBOX  )
[    0.000000] ACPI: XSDT 0x000000003FFF0030 00003C (v01 VBOX   VBOXXSDT 00000001 ASL  00000061)
[    0.000000] ACPI: FACP 0x000000003FFF00F0 0000F4 (v04 VBOX   VBOXFACP 00000001 ASL  00000061)
[    0.000000] ACPI: DSDT 0x000000003FFF0470 0022EA (v02 VBOX   VBOXBIOS 00000002 INTL 20100528)
[    0.000000] ACPI: FACS 0x000000003FFF0200 000040
[    0.000000] ACPI: FACS 0x000000003FFF0200 000040
[    0.000000] ACPI: APIC 0x000000003FFF0240 00005C (v02 VBOX   VBOXAPIC 00000001 ASL  00000061)
[    0.000000] ACPI: SSDT 0x000000003FFF02A0 0001CC (v01 VBOX   VBOXCPUT 00000002 INTL 20100528)
[    0.000000] No NUMA configuration found
[    0.000000] Faking a node at [mem 0x0000000000000000-0x000000003ffeffff]
[    0.000000] NODE_DATA(0) allocated [mem 0x3ffeb000-0x3ffeffff]
[    0.000000] kvm-clock: Using msrs 4b564d01 and 4b564d00
[    0.000000] kvm-clock: cpu 0, msr 0:3ffe3001, primary cpu clock
[    0.000000] kvm-clock: using sched offset of 4069290143 cycles
[    0.000000] clocksource: kvm-clock: mask: 0xffffffffffffffff max_cycles: 0x1cd42e4dffb, max_idle_ns: 881590591483 ns
[    0.000000] Zone ranges:
[    0.000000]   DMA      [mem 0x0000000000001000-0x0000000000ffffff]
[    0.000000]   DMA32    [mem 0x0000000001000000-0x000000003ffeffff]
[    0.000000]   Normal   empty
[    0.000000]   Device   empty
[    0.000000] Movable zone start for each node
[    0.000000] Early memory node ranges
[    0.000000]   node   0: [mem 0x0000000000001000-0x000000000009efff]
[    0.000000]   node   0: [mem 0x0000000000100000-0x000000003ffeffff]
[    0.000000] Initmem setup node 0 [mem 0x0000000000001000-0x000000003ffeffff]
[    0.000000] ACPI: PM-Timer IO Port: 0x4008
[    0.000000] IOAPIC[0]: apic_id 2, version 32, address 0xfec00000, GSI 0-23
[    0.000000] ACPI: INT_SRC_OVR (bus 0 bus_irq 0 global_irq 2 dfl dfl)
[    0.000000] ACPI: INT_SRC_OVR (bus 0 bus_irq 9 global_irq 9 low level)
[    0.000000] Using ACPI (MADT) for SMP configuration information
[    0.000000] smpboot: Allowing 2 CPUs, 0 hotplug CPUs
[    0.000000] PM: Registered nosave memory: [mem 0x00000000-0x00000fff]
[    0.000000] PM: Registered nosave memory: [mem 0x0009f000-0x0009ffff]
[    0.000000] PM: Registered nosave memory: [mem 0x000a0000-0x000effff]
[    0.000000] PM: Registered nosave memory: [mem 0x000f0000-0x000fffff]
[    0.000000] e820: [mem 0x40000000-0xfebfffff] available for PCI devices
[    0.000000] Booting paravirtualized kernel on KVM
[    0.000000] clocksource: refined-jiffies: mask: 0xffffffff max_cycles: 0xffffffff, max_idle_ns: 7645519600211568 ns
[    0.000000] setup_percpu: NR_CPUS:512 nr_cpumask_bits:512 nr_cpu_ids:2 nr_node_ids:1
[    0.000000] PERCPU: Embedded 34 pages/cpu @ffff88003fc00000 s99544 r8192 d31528 u1048576
[    0.000000] Built 1 zonelists in Node order, mobility grouping on.  Total pages: 257912
[    0.000000] Policy zone: DMA32
[    0.000000] Kernel command line: BOOT_IMAGE=/boot/vmlinuz-4.4.0-157-generic root=LABEL=cloudimg-rootfs ro console=tty1 console=ttyS0
[    0.000000] PID hash table entries: 4096 (order: 3, 32768 bytes)
[    0.000000] Memory: 997736K/1048120K available (8618K kernel code, 1335K rwdata, 4032K rodata, 1484K init, 1284K bss, 50384K reserved, 0K cma-reserved)
[    0.000000] SLUB: HWalign=64, Order=0-3, MinObjects=0, CPUs=2, Nodes=1
[    0.000000] Kernel/User page tables isolation: enabled
[    0.000000] Hierarchical RCU implementation.
[    0.000000] 	Build-time adjustment of leaf fanout to 64.
[    0.000000] 	RCU restricting CPUs from NR_CPUS=512 to nr_cpu_ids=2.
[    0.000000] RCU: Adjusting geometry for rcu_fanout_leaf=64, nr_cpu_ids=2
[    0.000000] NR_IRQS:33024 nr_irqs:440 16
[    0.000000] Console: colour VGA+ 80x25
[    0.000000] console [tty1] enabled
[    0.000000] console [ttyS0] enabled
[    0.000000] tsc: Detected 2711.994 MHz processor
[    0.204003] Calibrating delay loop (skipped) preset value.. 5423.98 BogoMIPS (lpj=10847976)
[    0.206556] pid_max: default: 32768 minimum: 301
[    0.207822] ACPI: Core revision 20150930
[    0.209731] ACPI: 2 ACPI AML tables successfully acquired and loaded
[    0.211395] Security Framework initialized
[    0.212376] Yama: becoming mindful.
[    0.213429] AppArmor: AppArmor initialized
[    0.214479] Dentry cache hash table entries: 131072 (order: 8, 1048576 bytes)
[    0.220615] Inode-cache hash table entries: 65536 (order: 7, 524288 bytes)
[    0.222573] Mount-cache hash table entries: 2048 (order: 2, 16384 bytes)
[    0.224619] Mountpoint-cache hash table entries: 2048 (order: 2, 16384 bytes)
[    0.226987] Initializing cgroup subsys io
[    0.228218] Initializing cgroup subsys memory
[    0.229240] Initializing cgroup subsys devices
[    0.230325] Initializing cgroup subsys freezer
[    0.231564] Initializing cgroup subsys net_cls
[    0.232756] Initializing cgroup subsys perf_event
[    0.234493] Initializing cgroup subsys net_prio
[    0.235481] Initializing cgroup subsys hugetlb
[    0.236418] Initializing cgroup subsys pids
[    0.239024] mce: CPU supports 0 MCE banks
[    0.239968] Last level iTLB entries: 4KB 64, 2MB 8, 4MB 8
[    0.241243] Last level dTLB entries: 4KB 64, 2MB 0, 4MB 0, 1GB 4
[    0.242529] Spectre V2 : Mitigation: Full generic retpoline
[    0.244114] Spectre V2 : Spectre v2 / SpectreRSB mitigation: Filling RSB on context switch
[    0.245971] Speculative Store Bypass: Vulnerable
[    0.247196] MDS: Vulnerable: Clear CPU buffers attempted, no microcode
[    0.252894] Freeing SMP alternatives memory: 36K
[    0.265684] ftrace: allocating 32312 entries in 127 pages
[    0.368274] smpboot: APIC(0) Converting physical 0 to logical package 0
[    0.369755] smpboot: Max logical packages: 1
[    0.371485] x2apic enabled
[    0.372514] Switched APIC routing to physical x2apic.
[    0.375087] ..TIMER: vector=0x30 apic1=0 pin1=2 apic2=-1 pin2=-1
[    0.483491] smpboot: CPU0: Intel(R) Core(TM) i5-7200U CPU @ 2.50GHz (family: 0x6, model: 0x8e, stepping: 0x9)
[    0.486347] Performance Events: unsupported p6 CPU model 142 no PMU driver, software events only.
[    0.508368] KVM setup paravirtual spinlock
[    0.510876] x86: Booting SMP configuration:
[    0.511972] .... node  #0, CPUs:      #1
[    0.513146] kvm-clock: cpu 1, msr 0:3ffe3041, secondary cpu clock
[    0.515928] mce: CPU supports 0 MCE banks
[    0.518621] x86: Booted up 1 node, 2 CPUs
[    0.520168] smpboot: Total of 2 processors activated (10847.97 BogoMIPS)
[    0.523001] devtmpfs: initialized
[    0.527145] evm: security.selinux
[    0.528122] evm: security.SMACK64
[    0.529050] evm: security.SMACK64EXEC
[    0.530363] evm: security.SMACK64TRANSMUTE
[    0.531590] evm: security.SMACK64MMAP
[    0.533040] evm: security.ima
[    0.534288] evm: security.capability
[    0.535576] clocksource: jiffies: mask: 0xffffffff max_cycles: 0xffffffff, max_idle_ns: 7645041785100000 ns
[    0.537863] futex hash table entries: 512 (order: 3, 32768 bytes)
[    0.539437] pinctrl core: initialized pinctrl subsystem
[    0.540690] RTC time: 11:20:12, date: 08/19/19
[    0.542002] NET: Registered protocol family 16
[    0.553694] cpuidle: using governor ladder
[    0.564399] cpuidle: using governor menu
[    0.566193] PCCT header not found.
[    0.567647] ACPI: bus type PCI registered
[    0.568735] acpiphp: ACPI Hot Plug PCI Controller Driver version: 0.5
[    0.570582] PCI: Using configuration type 1 for base access
[    0.585814] ACPI: Added _OSI(Module Device)
[    0.587240] ACPI: Added _OSI(Processor Device)
[    0.588955] ACPI: Added _OSI(3.0 _SCP Extensions)
[    0.590786] ACPI: Added _OSI(Processor Aggregator Device)
[    0.593032] ACPI: Executed 1 blocks of module-level executable AML code
[    0.596811] ACPI: Interpreter enabled
[    0.597894] ACPI: (supports S0 S5)
[    0.598946] ACPI: Using IOAPIC for interrupt routing
[    0.601025] PCI: Using host bridge windows from ACPI; if necessary, use "pci=nocrs" and report a bug
[    0.611635] ACPI: PCI Root Bridge [PCI0] (domain 0000 [bus 00-ff])
[    0.613313] acpi PNP0A03:00: _OSC: OS supports [ASPM ClockPM Segments MSI]
[    0.615944] acpi PNP0A03:00: _OSC: not requesting OS control; OS requires [ExtendedConfig ASPM ClockPM MSI]
[    0.619608] acpi PNP0A03:00: fail to add MMCONFIG information, can't access extended PCI configuration space under this bridge.
[    0.623633] PCI host bridge to bus 0000:00
[    0.625040] pci_bus 0000:00: root bus resource [io  0x0000-0x0cf7 window]
[    0.628011] pci_bus 0000:00: root bus resource [io  0x0d00-0xffff window]
[    0.629656] pci_bus 0000:00: root bus resource [mem 0x000a0000-0x000bffff window]
[    0.632025] pci_bus 0000:00: root bus resource [mem 0x40000000-0xfdffffff window]
[    0.634435] pci_bus 0000:00: root bus resource [bus 00-ff]
[    0.639168] pci 0000:00:01.1: legacy IDE quirk: reg 0x10: [io  0x01f0-0x01f7]
[    0.641867] pci 0000:00:01.1: legacy IDE quirk: reg 0x14: [io  0x03f6]
[    0.644544] pci 0000:00:01.1: legacy IDE quirk: reg 0x18: [io  0x0170-0x0177]
[    0.647087] pci 0000:00:01.1: legacy IDE quirk: reg 0x1c: [io  0x0376]
[    0.683564] pci 0000:00:07.0: quirk: [io  0x4000-0x403f] claimed by PIIX4 ACPI
[    0.706381] pci 0000:00:07.0: quirk: [io  0x4100-0x410f] claimed by PIIX4 SMB
[    0.729025] ACPI: PCI Interrupt Link [LNKA] (IRQs 5 9 10 *11)
[    0.731150] ACPI: PCI Interrupt Link [LNKB] (IRQs 5 9 *10 11)
[    0.733199] ACPI: PCI Interrupt Link [LNKC] (IRQs 5 *9 10 11)
[    0.735078] ACPI: PCI Interrupt Link [LNKD] (IRQs 5 9 10 *11)
[    0.737188] ACPI: Enabled 2 GPEs in block 00 to 07
[    0.738976] vgaarb: setting as boot device: PCI:0000:00:02.0
[    0.740366] vgaarb: device added: PCI:0000:00:02.0,decodes=io+mem,owns=io+mem,locks=none
[    0.742569] vgaarb: loaded
[    0.743395] vgaarb: bridge control possible 0000:00:02.0
[    0.745035] SCSI subsystem initialized
[    0.746253] ACPI: bus type USB registered
[    0.747241] usbcore: registered new interface driver usbfs
[    0.748450] usbcore: registered new interface driver hub
[    0.749905] usbcore: registered new device driver usb
[    0.751299] PCI: Using ACPI for IRQ routing
[    0.752593] NetLabel: Initializing
[    0.753476] NetLabel:  domain hash size = 128
[    0.754596] NetLabel:  protocols = UNLABELED CIPSOv4
[    0.759601] NetLabel:  unlabeled traffic allowed by default
[    0.762115] amd_nb: Cannot enumerate AMD northbridges
[    0.764179] clocksource: Switched to clocksource kvm-clock
[    0.784360] AppArmor: AppArmor Filesystem Enabled
[    0.785866] pnp: PnP ACPI init
[    0.787564] pnp: PnP ACPI: found 3 devices
[    0.807654] clocksource: acpi_pm: mask: 0xffffff max_cycles: 0xffffff, max_idle_ns: 2085701024 ns
[    0.810988] NET: Registered protocol family 2
[    0.812904] TCP established hash table entries: 8192 (order: 4, 65536 bytes)
[    0.814735] TCP bind hash table entries: 8192 (order: 5, 131072 bytes)
[    0.817140] TCP: Hash tables configured (established 8192 bind 8192)
[    0.819171] UDP hash table entries: 512 (order: 2, 16384 bytes)
[    0.820836] UDP-Lite hash table entries: 512 (order: 2, 16384 bytes)
[    0.823032] NET: Registered protocol family 1
[    0.824758] pci 0000:00:00.0: Limiting direct PCI/PCI transfers
[    0.826985] pci 0000:00:01.0: Activating ISA DMA hang workarounds
[    0.828750] Unpacking initramfs...
[    1.297396] Freeing initrd memory: 14824K
[    1.298568] clocksource: tsc: mask: 0xffffffffffffffff max_cycles: 0x27178096781, max_idle_ns: 440795249729 ns
[    1.301365] platform rtc_cmos: registered platform RTC device (no PNP device found)
[    1.303501] Scanning for low memory corruption every 60 seconds
[    1.306163] audit: initializing netlink subsys (disabled)
[    1.307500] audit: type=2000 audit(1566213618.692:1): initialized
[    1.309067] Initialise system trusted keyring
[    1.310281] HugeTLB registered 2 MB page size, pre-allocated 0 pages
[    1.313151] zbud: loaded
[    1.314222] VFS: Disk quotas dquot_6.6.0
[    1.315131] VFS: Dquot-cache hash table entries: 512 (order 0, 4096 bytes)
[    1.316995] squashfs: version 4.0 (2009/01/31) Phillip Lougher
[    1.318518] fuse init (API version 7.23)
[    1.319619] Key type big_key registered
[    1.320616] Allocating IMA MOK and blacklist keyrings.
[    1.323982] Key type asymmetric registered
[    1.324976] Asymmetric key parser 'x509' registered
[    1.326092] Block layer SCSI generic (bsg) driver version 0.4 loaded (major 249)
[    1.327872] io scheduler noop registered
[    1.328843] io scheduler deadline registered (default)
[    1.330009] io scheduler cfq registered
[    1.331023] pci_hotplug: PCI Hot Plug PCI Core version: 0.5
[    1.332229] pciehp: PCI Express Hot Plug Controller Driver version: 0.4
[    1.333803] ACPI: AC Adapter [AC] (off-line)
[    1.334877] input: Power Button as /devices/LNXSYSTM:00/LNXPWRBN:00/input/input0
[    1.336612] ACPI: Power Button [PWRF]
[    1.337609] input: Sleep Button as /devices/LNXSYSTM:00/LNXSLPBN:00/input/input1
[    1.339611] ACPI: Sleep Button [SLPF]
[    1.341382] GHES: HEST is not enabled!
[    1.342401] ACPI: Battery Slot [BAT0] (battery present)
[    1.343884] Serial: 8250/16550 driver, 32 ports, IRQ sharing enabled
[    1.365969] 00:02: ttyS0 at I/O 0x3f8 (irq = 4, base_baud = 115200) is a 16550A
[    1.375740] Linux agpgart interface v0.103
[    1.380733] loop: module loaded
[    1.383017] scsi host0: ata_piix
[    1.384887] scsi host1: ata_piix
[    1.385919] ata1: PATA max UDMA/33 cmd 0x1f0 ctl 0x3f6 bmdma 0xd000 irq 14
[    1.387590] ata2: PATA max UDMA/33 cmd 0x170 ctl 0x376 bmdma 0xd008 irq 15
[    1.389627] libphy: Fixed MDIO Bus: probed
[    1.390602] tun: Universal TUN/TAP device driver, 1.6
[    1.391887] tun: (C) 1999-2004 Max Krasnyansky <maxk@qualcomm.com>
[    1.394108] PPP generic driver version 2.4.2
[    1.395470] ehci_hcd: USB 2.0 'Enhanced' Host Controller (EHCI) Driver
[    1.397355] ehci-pci: EHCI PCI platform driver
[    1.398551] ehci-platform: EHCI generic platform driver
[    1.399912] ohci_hcd: USB 1.1 'Open' Host Controller (OHCI) Driver
[    1.401515] ohci-pci: OHCI PCI platform driver
[    1.402557] ohci-platform: OHCI generic platform driver
[    1.404210] uhci_hcd: USB Universal Host Controller Interface driver
[    1.406368] i8042: PNP: PS/2 Controller [PNP0303:PS2K,PNP0f03:PS2M] at 0x60,0x64 irq 1,12
[    1.409371] serio: i8042 KBD port at 0x60,0x64 irq 1
[    1.410716] serio: i8042 AUX port at 0x60,0x64 irq 12
[    1.412407] mousedev: PS/2 mouse device common for all mice
[    1.414861] input: AT Translated Set 2 keyboard as /devices/platform/i8042/serio0/input/input2
[    1.418712] rtc_cmos rtc_cmos: rtc core: registered rtc_cmos as rtc0
[    1.420487] rtc_cmos rtc_cmos: alarms up to one day, 114 bytes nvram
[    1.422047] i2c /dev entries driver
[    1.423060] device-mapper: uevent: version 1.0.3
[    1.424795] device-mapper: ioctl: 4.34.0-ioctl (2015-10-28) initialised: dm-devel@redhat.com
[    1.427905] ledtrig-cpu: registered to indicate activity on CPUs
[    1.430075] NET: Registered protocol family 10
[    1.431791] NET: Registered protocol family 17
[    1.433251] Key type dns_resolver registered
[    1.435536] registered taskstats version 1
[    1.436593] Loading compiled-in X.509 certificates
[    1.438644] Loaded X.509 cert 'Build time autogenerated kernel key: 3e01e6df98386236d59670e6b2ed19a044d5324e'
[    1.441120] zswap: loaded using pool lzo/zbud
[    1.444582] Key type trusted registered
[    1.453245] Key type encrypted registered
[    1.454565] AppArmor: AppArmor sha1 policy hashing enabled
[    1.456329] ima: No TPM chip found, activating TPM-bypass!
[    1.457772] ima: Allocated hash algorithm: sha1
[    1.458979] evm: HMAC attrs: 0x1
[    1.461081]   Magic number: 15:875:327
[    1.462365] rtc_cmos rtc_cmos: setting system clock to 2019-08-19 11:20:13 UTC (1566213613)
[    1.464787] BIOS EDD facility v0.16 2004-Jun-25, 0 devices found
[    1.466925] EDD information not available.
[    1.548199] Freeing unused kernel memory: 1484K
[    1.552054] Write protecting the kernel read-only data: 14336k
[    1.558257] Freeing unused kernel memory: 1612K
[    1.562452] Freeing unused kernel memory: 64K
Loading, please wait...
starting version 229
[    1.612658] random: systemd-udevd: uninitialized urandom read (16 bytes read, 3 bits of entropy available)
[    1.614412] random: udevadm: uninitialized urandom read (16 bytes read, 3 bits of entropy available)
[    1.614461] random: udevadm: uninitialized urandom read (16 bytes read, 3 bits of entropy available)
[    1.635314] random: systemd-udevd: uninitialized urandom read (16 bytes read, 3 bits of entropy available)
[    1.641907] random: systemd-udevd: uninitialized urandom read (16 bytes read, 3 bits of entropy available)
[    1.648058] random: udevadm: uninitialized urandom read (16 bytes read, 3 bits of entropy available)
[    1.648431] random: udevadm: uninitialized urandom read (16 bytes read, 3 bits of entropy available)
[    1.648922] random: udevadm: uninitialized urandom read (16 bytes read, 3 bits of entropy available)
[    1.649116] random: udevadm: uninitialized urandom read (16 bytes read, 3 bits of entropy available)
[    1.649384] random: udevadm: uninitialized urandom read (16 bytes read, 3 bits of entropy available)
[    1.742883] e1000: Intel(R) PRO/1000 Network Driver - version 7.3.21-k8-NAPI
[    1.745019] e1000: Copyright (c) 1999-2006 Intel Corporation.
[    1.748344] Fusion MPT base driver 3.04.20
[    1.749871] Copyright (c) 1999-2008 LSI Corporation
[    1.767005] Fusion MPT SPI Host driver 3.04.20
[    1.837154] AVX2 version of gcm_enc/dec engaged.
[    1.839932] AES CTR mode by8 optimization enabled
[    1.962822] input: ImExPS/2 Generic Explorer Mouse as /devices/platform/i8042/serio1/input/input4
[    2.220660] e1000 0000:00:03.0 eth0: (PCI:33MHz:32-bit) 02:c2:66:bb:16:6d
[    2.222373] e1000 0000:00:03.0 eth0: Intel(R) PRO/1000 Network Connection
[    2.225503] mptbase: ioc0: Initiating bringup
[    2.289053] ioc0: LSI53C1030 A0: Capabilities={Initiator}
[    3.300472] scsi host2: ioc0: LSI53C1030 A0, FwRev=00000000h, Ports=1, MaxQ=256, IRQ=20
[    3.890393] scsi 2:0:0:0: Direct-Access     VBOX     HARDDISK         1.0  PQ: 0 ANSI: 5
[    3.897589] scsi target2:0:0: Beginning Domain Validation
[    3.909278] scsi target2:0:0: Domain Validation skipping write tests
[    3.914226] scsi target2:0:0: Ending Domain Validation
[    3.918495] scsi target2:0:0: asynchronous
[    3.928716] scsi 2:0:1:0: Direct-Access     VBOX     HARDDISK         1.0  PQ: 0 ANSI: 5
[    3.936786] scsi target2:0:1: Beginning Domain Validation
[    3.945105] scsi target2:0:1: Domain Validation skipping write tests
[    3.948831] scsi target2:0:1: Ending Domain Validation
[    3.951536] scsi target2:0:1: asynchronous
[    3.974673] sd 2:0:0:0: Attached scsi generic sg0 type 0
[    3.982747] sd 2:0:1:0: Attached scsi generic sg1 type 0
[    3.986464] sd 2:0:0:0: [sda] 20971520 512-byte logical blocks: (10.7 GB/10.0 GiB)
[    4.021259] sd 2:0:1:0: [sdb] 20480 512-byte logical blocks: (10.5 MB/10.0 MiB)
[    4.026718] sd 2:0:1:0: [sdb] Write Protect is off
[    4.029852] sd 2:0:0:0: [sda] Write Protect is off
[    4.033418] sd 2:0:1:0: [sdb] Incomplete mode parameter data
[    4.036174] sd 2:0:1:0: [sdb] Assuming drive cache: write through
[    4.038816] sd 2:0:0:0: [sda] Incomplete mode parameter data
[    4.041137] sd 2:0:0:0: [sda] Assuming drive cache: write through
[    4.046010]  sda: sda1
[    4.048722] sd 2:0:1:0: [sdb] Attached SCSI disk
[    4.051028] sd 2:0:0:0: [sda] Attached SCSI disk
[    4.352302] e1000 0000:00:08.0 eth1: (PCI:33MHz:32-bit) 08:00:27:67:f3:a9
[    4.354025] e1000 0000:00:08.0 eth1: Intel(R) PRO/1000 Network Connection
[    4.357318] e1000 0000:00:03.0 enp0s3: renamed from eth0
[    4.373222] e1000 0000:00:08.0 enp0s8: renamed from eth1
Begin: Loading essential drivers ... [    5.947654] md: linear personality registered for level -1
[    5.953422] md: multipath personality registered for level -4
[    5.959432] md: raid0 personality registered for level 0
[    5.967024] md: raid1 personality registered for level 1
[    6.040749] raid6: sse2x1   gen()  6486 MB/s
[    6.108211] raid6: sse2x1   xor()  3914 MB/s
[    6.176405] raid6: sse2x2   gen()  7166 MB/s
[    6.244878] raid6: sse2x2   xor()  5434 MB/s
[    6.312666] raid6: sse2x4   gen()  9493 MB/s
[    6.380541] raid6: sse2x4   xor()  6266 MB/s
[    6.448904] raid6: avx2x1   gen() 14936 MB/s
[    6.516850] raid6: avx2x2   gen() 15956 MB/s
[    6.584239] raid6: avx2x4   gen() 14826 MB/s
[    6.586530] raid6: using algorithm avx2x2 gen() 15956 MB/s
[    6.588791] raid6: using avx2x2 recovery algorithm
[    6.592376] xor: automatically using best checksumming function:
[    6.632524]    avx       : 15851.000 MB/sec
[    6.637301] async_tx: api initialized (async)
[    6.660098] md: raid6 personality registered for level 6
[    6.662270] md: raid5 personality registered for level 5
[    6.663804] md: raid4 personality registered for level 4
[    6.676321] md: raid10 personality registered for level 10
done.
Begin: Running /scripts/init-premount ... done.
Begin: Mounting root file system ... Begin: Running /scripts/local-top ... done.
Begin: Running /scripts/local-premount ... [    6.718314] Btrfs loaded
Scanning for Btrfs filesystems
done.
Warning: fsck not present, so skipping root file system
[    6.759974] EXT4-fs (sda1): mounted filesystem with ordered data mode. Opts: (null)
done.
Begin: Running /scripts/local-bottom ... done.
Begin: Running /scripts/init-bottom ... done.
[    6.947794] systemd[1]: systemd 229 running in system mode. (+PAM +AUDIT +SELINUX +IMA +APPARMOR +SMACK +SYSVINIT +UTMP +LIBCRYPTSETUP +GCRYPT +GNUTLS +ACL +XZ -LZ4 +SECCOMP +BLKID +ELFUTILS +KMOD -IDN)
[    6.953316] systemd[1]: Detected virtualization oracle.
[    6.954827] systemd[1]: Detected architecture x86-64.

Welcome to [1mUbuntu 16.04.6 LTS[0m!

[    6.960422] systemd[1]: Set hostname to <ubuntu>.
[    6.965887] systemd[1]: Initializing machine ID from random generator.
[    6.967963] systemd[1]: Installed transient /etc/machine-id file.
[    7.160120] systemd[1]: Listening on LVM2 poll daemon socket.
[[0;32m  OK  [0m] Listening on LVM2 poll daemon socket.
[    7.162993] systemd[1]: Reached target System Time Synchronized.
[[0;32m  OK  [0m] Reached target System Time Synchronized.
[    7.165698] systemd[1]: Set up automount Arbitrary Executable File Formats File System Automount Point.
[[0;32m  OK  [0m] Set up automount Arbitrary Executab...ats File System Automount Point.
[    7.169206] systemd[1]: Listening on udev Control Socket.
[[0;32m  OK  [0m] Listening on udev Control Socket.
[    7.171520] systemd[1]: Listening on /dev/initctl Compatibility Named Pipe.
[[0;32m  OK  [0m] Listening on /dev/initctl Compatibility Named Pipe.
[    7.174473] systemd[1]: Listening on udev Kernel Socket.
[[0;32m  OK  [0m] Listening on udev Kernel Socket.
[    7.177714] systemd[1]: Reached target Swap.
[[0;32m  OK  [0m] Reached target Swap.
[    7.179560] systemd[1]: Reached target User and Group Name Lookups.
[[0;32m  OK  [0m] Reached target User and Group Name Lookups.
[    7.188875] systemd[1]: Listening on Journal Socket.
[[0;32m  OK  [0m] Listening on Journal Socket.
[    7.191747] systemd[1]: Listening on Syslog Socket.
[[0;32m  OK  [0m] Listening on Syslog Socket.
[    7.200972] systemd[1]: Created slice User and Session Slice.
[[0;32m  OK  [0m] Created slice User and Session Slice.
[    7.204444] systemd[1]: Listening on Device-mapper event daemon FIFOs.
[[0;32m  OK  [0m] Listening on Device-mapper event daemon FIFOs.
[    7.207946] systemd[1]: Listening on Journal Audit Socket.
[[0;32m  OK  [0m] Listening on Journal Audit Socket.
[    7.211197] systemd[1]: Started Trigger resolvconf update for networkd DNS.
[[0;32m  OK  [0m] Started Trigger resolvconf update for networkd DNS.
[    7.215777] systemd[1]: Listening on LVM2 metadata daemon socket.
[[0;32m  OK  [0m] Listening on LVM2 metadata daemon socket.
[    7.218996] systemd[1]: Started Forward Password Requests to Wall Directory Watch.
[[0;32m  OK  [0m] Started Forward Password Requests to Wall Directory Watch.
[    7.223794] systemd[1]: Created slice System Slice.
[[0;32m  OK  [0m] Created slice System Slice.
[    7.245871] systemd[1]: Mounting Debug File System...
         Mounting Debug File System...
[    7.253649] systemd[1]: Starting Remount Root and Kernel File Systems...
         Starting Remount Root and Kernel File Systems...
[    7.257396] systemd[1]: Reached target Slices.
[[0;32m  OK  [0m] Reached target Slices.
[    7.260502] EXT4-fs (sda1): re-mounted. Opts: (null)
[    7.261013] systemd[1]: Starting Create list of required static device nodes for the current kernel...
         Starting Create list of required st... nodes for the current kernel...
[    7.268292] systemd[1]: Starting Nameserver information manager...
         Starting Nameserver information manager...
[    7.276396] systemd[1]: Starting Load Kernel Modules...
         Starting Load Kernel Modules...
[    7.280505] systemd[1]: Starting Set console keymap...
         Starting Set console keymap...
[    7.290973] systemd[1]: Starting Uncomplicated firewall...
         Starting Uncomplicated firewall...
[    7.295332] systemd[1]: Created slice system-serial\x2dgetty.slice.
[    7.295380] Loading iSCSI transport class v2.0-870.
[[0;32m  OK  [0m] Created slice system-serial\x2dgetty.slice.
[    7.306783] systemd[1]: Mounting Huge Pages File System...
         Mounting Huge Pages File System...
[    7.310979] systemd[1]: Mounting POSIX Message Queue File System...
         Mounting POSIX Message Queue File System...
[    7.315750] systemd[1]: Starting Monitoring of LVM2 mirrors, snapshots etc. using dmeventd or progress polling...
         Starting Monitoring of LVM2 mirrors... dmeventd or progress polling...
[    7.323068] iscsi: registered transport (tcp)
[    7.323287] systemd[1]: Listening on Journal Socket (/dev/log).
[[0;32m  OK  [0m] Listening on Journal Socket (/dev/log).
[    7.330330] systemd[1]: Starting Journal Service...
         Starting Journal Service...
[    7.340495] systemd[1]: Reached target Encrypted Volumes.
[[0;32m  OK  [0m] Reached target Encrypted Volumes.
[    7.357848] systemd[1]: Mounted Huge Pages File System.
[[0;32m  OK  [0m] Mounted Huge Pages File System.
[    7.360397] systemd[1]: Mounted Debug File System.
[[0;32m  OK  [0m] Mounted Debug File System.
[    7.362943] systemd[1]: Mounted POSIX Message Queue File System.
[[0;32m  OK  [0m] Mounted POSIX Message Queue File System.
[    7.367242] systemd[1]: Started Remount Root and Kernel File Systems.
[[0;32m  OK  [0m] Started Remount Root and Kernel File Systems.
[    7.373105] systemd[1]: Started Create list of required static device nodes for the current kernel.
[[0;32m  OK  [0m] Started Create list of required sta...ce nodes for the current kernel.
[    7.380581] systemd[1]: Started Uncomplicated firewall.
[[0;32m  OK  [0m] Started Uncomplicated firewall.
[    7.394879] systemd[1]: Started Nameserver information manager.
[[0;32m  OK  [0m] Started Nameserver information manager.
[    7.400758] iscsi: registered transport (iser)
[    7.405118] systemd[1]: Started Load Kernel Modules.
[[0;32m  OK  [0m] Started Load Kernel Modules.
[    7.408352] systemd[1]: Started Journal Service.
[[0;32m  OK  [0m] Started Journal Service.
[[0;32m  OK  [0m] Started Set console keymap.
[[0;32m  OK  [0m] Started LVM2 metadata daemon.
         Mounting FUSE Control File System...
         Starting Apply Kernel Variables...
         Starting Create Static Device Nodes in /dev...
         Starting Load/Save Random Seed...
         Starting udev Coldplug all Devices...
         Starting Flush Journal to Persistent Storage...
[[0;32m  OK  [0m] Mounted FUSE Control File System.
[[0;32m  OK  [0m] Started Load/Save Random Seed.
[[0;32m  OK  [0m] Started Apply Kernel Variables.
[[0;32m  OK  [0m] Started Create Static Device Nodes in /dev.
[[0;32m  OK  [0m] Started Monitoring of LVM2 mirrors,...ng dmeventd or progress polling.
[[0;32m  OK  [0m] Started udev Coldplug all Devices.
[[0;32m  OK  [0m] Started Flush Journal to Persistent Storage.
[[0;32m  OK  [0m] Reached target Local File Systems (Pre).
[[0;32m  OK  [0m] Reached target Local File Systems.
         Starting Initial cloud-init job (pre-networking)...
         Starting Tell Plymouth To Write Out Runtime Data...
         Starting Commit a transient machine-id on disk...
         Starting Create Volatile Files and Directories...
         Starting LSB: AppArmor initialization...
         Starting Set console font and keymap...
         Starting udev Kernel Device Manager...
[[0;32m  OK  [0m] Started Create Volatile Files and Directories.
[[0;32m  OK  [0m] Started Tell Plymouth To Write Out Runtime Data.
[[0;32m  OK  [0m] Started Commit a transient machine-id on disk.
         Starting Update UTMP about System Boot/Shutdown...
[[0;32m  OK  [0m] Started udev Kernel Device Manager.
[[0;32m  OK  [0m] Started Dispatch Password Requests to Console Directory Watch.
[[0;32m  OK  [0m] Started Update UTMP about System Boot/Shutdown.
[[0;32m  OK  [0m] Found device /dev/ttyS0.
[[0;32m  OK  [0m] Listening on Load/Save RF Kill Switch Status /dev/rfkill Watch.
[    9.747222] cloud-init[468]: Cloud-init v. 19.1-1-gbaa47854-0ubuntu1~16.04.1 running 'init-local' at Mon, 19 Aug 2019 11:20:21 +0000. Up 8.86 seconds.
[[0;32m  OK  [0m] Started Initial cloud-init job (pre-networking).
[[0;32m  OK  [0m] Reached target Network (Pre).
[[0;32m  OK  [0m] Started LSB: AppArmor initialization.
         Starting Raise network interfaces...
[[0;32m  OK  [0m] Started Set console font and keymap.
[[0;32m  OK  [0m] Created slice system-getty.slice.
[[0;32m  OK  [0m] Started Raise network interfaces.
         Starting Initial cloud-init job (metadata service crawler)...
[[0;32m  OK  [0m] Reached target Network.
[   12.584770] cloud-init[965]: Cloud-init v. 19.1-1-gbaa47854-0ubuntu1~16.04.1 running 'init' at Mon, 19 Aug 2019 11:20:24 +0000. Up 11.60 seconds.
[   12.586904] cloud-init[965]: ci-info: ++++++++++++++++++++++++++++++++++++++Net device info+++++++++++++++++++++++++++++++++++++++
[   12.590504] cloud-init[965]: ci-info: +--------+-------+----------------------------+---------------+--------+-------------------+
[   12.592847] cloud-init[965]: ci-info: | Device |   Up  |          Address           |      Mask     | Scope  |     Hw-Address    |
[   12.596053] cloud-init[965]: ci-info: +--------+-------+----------------------------+---------------+--------+-------------------+
[   12.599592] cloud-init[965]: ci-info: | enp0s3 |  True |         10.0.2.15          | 255.255.255.0 | global | 02:c2:66:bb:16:6d |
[   12.604699] cloud-init[965]: ci-info: | enp0s3 |  True | fe80::c2:66ff:febb:166d/64 |       .       |  link  | 02:c2:66:bb:16:6d |
[   12.612619] cloud-init[965]: ci-info: | enp0s8 | False |             .              |       .       |   .    | 08:00:27:67:f3:a9 |
[   12.615141] cloud-init[965]: ci-info: |   lo   |  True |         127.0.0.1          |   255.0.0.0   |  host  |         .         |
[   12.624735] cloud-init[965]: ci-info: |   lo   |  True |          ::1/128           |       .       |  host  |         .         |
[   12.627700] cloud-init[965]: ci-info: +--------+-------+----------------------------+---------------+--------+-------------------+
[   12.631294] cloud-init[965]: ci-info: +++++++++++++++++++++++++++Route IPv4 info++++++++++++++++++++++++++++
[   12.636592] cloud-init[965]: ci-info: +-------+-------------+----------+---------------+-----------+-------+
[   12.639677] cloud-init[965]: ci-info: | Route | Destination | Gateway  |    Genmask    | Interface | Flags |
[   12.642739] cloud-init[965]: ci-info: +-------+-------------+----------+---------------+-----------+-------+
[   12.645103] cloud-init[965]: ci-info: |   0   |   0.0.0.0   | 10.0.2.2 |    0.0.0.0    |   enp0s3  |   UG  |
[   12.647636] cloud-init[965]: ci-info: |   1   |   10.0.2.0  | 0.0.0.0  | 255.255.255.0 |   enp0s3  |   U   |
[   12.656549] cloud-init[965]: ci-info: +-------+-------------+----------+---------------+-----------+-------+
[   12.659578] cloud-init[965]: ci-info: +++++++++++++++++++Route IPv6 info+++++++++++++++++++
[   12.661889] cloud-init[965]: ci-info: +-------+-------------+---------+-----------+-------+[[0;32m  OK  [0m] Started Initial cloud-init job (metadata service crawler).
[[0;32m  OK  [0m] Reached target Cloud-config availability.
[[0;32m  OK  [0m] Reached target System Initialization.

[   12.668470] cloud-init[965]: ci-info: | Route | Destination | Gateway | Interface | Flags |
[   12.668737] cloud-init[965]: ci-info: +-------+-------------+---------+-----------+-------+
[   12.669544] cloud-init[965]: ci-info: |   0   |  fe80::/64  |    ::   |   enp0s3  |   U   |
[   12.670392] cloud-init[965]: ci-info: |   3   |   ff00::/8  |    ::   |   enp0s3  |   U   |
[   12.671013] cloud-init[965]: ci-info: +-------+-------------+---------+-----------+-------+
[   12.671744] cloud-init[965]: Generating public/private rsa key pair.
[   12.672760] cloud-init[965]: Your identification has been saved in /etc/ssh/ssh_host_rsa_key.
[[0;32m  OK  [0m] Listening on D-Bus System Message Bus Socket.
[   12.673244] cloud-init[965]: Your public key has been saved in /etc/ssh/ssh_host_rsa_key.pub.
[   12.682601] cloud-init[965]: The key fingerprint is:
[   12.683803] cloud-init[965]: SHA256:lmMfacWRxUnHYhTmqz9ZEiZhA9A7l2agtSA35VTgbcY root@ubuntu-xenial
[   12.688282]          Starting LXD - unix socket.
cloud-init[965]: The key's randomart image is:
[[0;32m  OK  [0m] Started ACPI Events Check.
[   12.691257] [[0;32m  OK  [0m] Reached target Paths.
[[0;32m  OK  [0m] Started Daily Cleanup of Temporary Directories.
         Starting Socket activation for snappy daemon.
[[0;32m  OK  [0m] Listening on ACPID Listen Socket.
[[0;32m  OK  [0m] Listening on UUID daemon activation socket.
[[0;32m  OK  [0m] Started Daily apt download activities.
[[0;32m  OK  [0m] Started Daily apt upgrade and clean activities.
[[0;32m  OK  [0m] Reached target Timers.
[[0;32m  OK  [0m] Reached target Network is Online.
cloud-init[965]: +---[RSA 2048]----+
[   12.698559] cloud-init[965]: |        .+=+o**+.|
[   12.700213] cloud-init[965]: |      . ++++=+=..|
[   12.702054] cloud-init[965]: |       o =o=E=.. |
[   12.703752] cloud-init[965]: |        ..+=* o. |
[   12.705493] cloud-init[965]: |        S += o.. |
[   12.707077] cloud-init[965]: |       o + . .. .|
[   12.708522] cloud-init[965]: |          . .  + |
[   12.709995] cloud-init[965]: |             .o  |
[   12.711303] cloud-init[965]: |              .. |         Starting iSCSI initiator daemon (iscsid)...
[[0;32m  OK  [0m] Listening on LXD - unix socket.

[[0;32m  OK  [0m] Listening on Socket activation for snappy daemon.
[   12.714622] cloud-init[965]: +----[SHA256]-----+
[   12.718401] cloud-init[965]: Generating public/private dsa key pair.[[0;32m  OK  [0m] Reached target Sockets.
[[0;32m  OK  [0m] Reached target Basic System.

[   12.728414]          cloud-initStarting Accounts Service...[965]: 
Your identification has been saved in /etc/ssh/ssh_host_dsa_key.
[   12.735401]          Starting System Logging Service...
cloud-init[965]: Your public key has been saved in /etc/ssh/ssh_host_dsa_key.pub.[[0;32m  OK  [0m] Started Deferred execution scheduler.
         Starting LSB: MD monitoring daemon...

[   12.746834] cloud-init         Starting Login Service...
[[0;32m  OK  [0m] Started Regular background program processing daemon.
         Starting Pollinate to seed the pseudo random number generator...
[965]: The key fingerprint is:
         Starting LSB: Record successful boot for GRUB...
         Starting /etc/rc.local Compatibility...
[[0;32m  OK  [0m] Started D-Bus System Message Bus.
[   12.777730] cloud-init[965]: SHA256:2YX5ynOvfit8xe8GCqfI+YTOz7MuIu/ozkRV986t/KM root@ubuntu-xenial
[   12.800163] cloud-init[965]: The key's randomart image is:
[   12.807062] cloud-init[965]: +---[DSA 1024]----+
[   12.811038] cloud-init[965]: |        . .      |
[   12.813176] cloud-init[965]: |       . . +     |
[   12.815020] cloud-init[965]: |      .   o o    |
[   12.817460] cloud-init[965]: |     .   o = .   |
[   12.819625] cloud-init[965]: |    .   S . + .. |
[   12.822284] cloud-init[965]: |   .     o.o... o|
[   12.824834] cloud-init[965]: |    .  ..o==+. o.|
[   12.826790] cloud-init[965]: |   o...o=ooo+o+ o|
[   12.829447] cloud-init[965]: |   o=+o.o=*+E*+=.|
[   12.848143] cloud-init[965]: +----[SHA256]-----+
[   12.850088] cloud-init[965]: Generating public/private ecdsa key pair.
[   12.852062] cloud-init[965]: Your identification has been saved in /etc/ssh/ssh_host_ecdsa_key.
[   12.854690] cloud-init[965]: Your public key has been saved in /etc/ssh/ssh_host_ecdsa_key.pub.
[   12.859006] cloud-init[965]: The key fingerprint is:
[   12.861127] cloud-init[965]: SHA256:cmgcG8mSvB3s/ztnDFMnBj/JD8z9NrwNeo9aEAos6SQ root@ubuntu-xenial
[   12.863379] cloud-init[965]: The key's randomart image is:
[   12.865277] cloud-init[965]: +---[ECDSA 256]---+
[   12.867337] cloud-init[965]: |                 |
[   12.869630] cloud-init[965]: |   . + +  .      |
[   12.871844] cloud-init[965]: |    E @ o  *.o   |
[   12.873918] cloud-init[965]: |     X B . .%.o  |
[   12.876261] cloud-init[965]: |    . X S .o.*.. |
[   12.880348] [[0;32m  OK  [0m] Started FUSE filesystem for LXC.
cloud-init[965]: |     . +  o  .ooo|
[   12.884549] cloud-init[965]: |        .  + ..o+|
[   12.887197] [[0;32m  OK  [0m] Started ACPI event daemon.
cloud-init[965]: |         .. =..o.|         Starting Snappy daemon...

         Starting Virtualbox guest utils...
         Starting LXD - container startup/shutdown...
[   12.904542] [[0;32m  OK  [0m] Started System Logging Service.
[[0;32m  OK  [0m] Started /etc/rc.local Compatibility.
cloud-init[965]: |          o=.o...|
[   12.920852] cloud-init[965]: +----[SHA256]-----+
[   12.928303] cloud-init[965]: Generating public/private ed25519 key pair.
[   12.937370] cloud-init[965]: Your identification has been saved in /etc/ssh/ssh_host_ed25519_key.
[   12.943912] cloud-init[[0;32m  OK  [0m] Started iSCSI initiator daemon (iscsid).
[965]: Your public key has been saved in /etc/ssh/ssh_host_ed25519_key.pub.
[   12.960285] cloud-init[965]: The key fingerprint is:
[   12.965178] cloud-init[965]: SHA256:8HomS6pEjTI3KJLYgsvOKsH2NtHyVqQ0sc8IcncohNM root@ubuntu-xenial
[   12.974816] cloud-init[965]: The key's randomart image is:
[   12.984474] cloud-init[965]: +--[ED25519 256]--+
[   12.997319] cloud-init[965]: |  o              |
[   13.000203] cloud-init[965]: | o E .           |
[   13.003420] cloud-init[965]: |  o   =          |
[   13.008941] cloud-init[965]: |o= * * =         |
[   13.034701] cloud-init[965]: |% O B O S        |
[   13.037583] cloud-init[965]: |=X + + =         |
[   13.041672] cloud-init[965]: |ooo + = o        |
[   13.051127] cloud-init[965]: |+. + = =         |[[0;32m  OK  [0m] Started LSB: Record successful boot for GRUB.

[   13.060706] cloud-init[965]: |+oo.+ .          |
[[0;32m  OK  [0m] Started Login Service.
[   13.068751] cloud-init[965]: +----[SHA256]-----+
[[0;32m  OK  [0m] Started Unattended Upgrades Shutdown.
         Starting Authenticate and Authorize Users to Run Privileged Tasks...
         Starting Login to default iSCSI targets...
[[0;32m  OK  [0m] Started LSB: MD monitoring daemon.
[[0;32m  OK  [0m] Started Login to default iSCSI targets.
[[0;32m  OK  [0m] Reached target Remote File Systems (Pre).
[[0;32m  OK  [0m] Reached target Remote File Systems.
         Starting LSB: automatic crash report generation...
         Starting LSB: daemon to balance interrupts for SMP systems...
         Starting LSB: Set the CPU Frequency Scaling governor to "ondemand"...
         Starting Permit User Sessions...
[[0;32m  OK  [0m] Started Permit User Sessions.
[[0;32m  OK  [0m] Started Authenticate and Authorize Users to Run Privileged Tasks.
[[0;32m  OK  [0m] Started Accounts Service.
[[0;32m  OK  [0m] Started Virtualbox guest utils.
         Starting Hold until boot process finishes up...
         Starting Terminate Plymouth Boot Screen...
[[0;32m  OK  [0m] Started LSB: Set the CPU Frequency Scaling governor to "ondemand".
[[0;32m  OK  [0m] Started Hold until boot process finishes up.
[[0;32m  OK  [0m] Started LXD - container startup/shutdown.
[[0;32m  OK  [0m] Started Terminate Plymouth Boot Screen.
[[0;32m  OK  [0m] Started Serial Getty on ttyS0.
         Starting Set console scheme...
[[0;32m  OK  [0m] Started Getty on tty1.
[[0;32m  OK  [0m] Reached target Login Prompts.
[[0;32m  OK  [0m] Started LSB: automatic crash report generation.
[[0;32m  OK  [0m] Started Set console scheme.
[[0;32m  OK  [0m] Started LSB: daemon to balance interrupts for SMP systems.
[[0;32m  OK  [0m] Started Pollinate to seed the pseudo random number generator.
         Starting OpenBSD Secure Shell server...
[[0;32m  OK  [0m] Started OpenBSD Secure Shell server.
[[0;32m  OK  [0m] Started Snappy daemon.
         Starting Wait until snapd is fully seeded...
[[0;32m  OK  [0m] Created slice User Slice of vagrant.
         Starting User Manager for UID 1000...
[[0;32m  OK  [0m] Started Session 1 of user vagrant.
[[0;32m  OK  [0m] Started User Manager for UID 1000.
[[0;32m  OK  [0m] Started Wait until snapd is fully seeded.
         Starting Apply the settings specified in cloud-config...
[[0;32m  OK  [0m] Reached target Multi-User System.
[[0;32m  OK  [0m] Reached target Graphical Interface.
         Starting Update UTMP about System Runlevel Changes...
[[0;32m  OK  [0m] Started Update UTMP about System Runlevel Changes.
[   15.549420] cloud-init[1387]: Generating locales (this might take a while)...
[   16.942732] cloud-init[1387]:   en_US.UTF-8... done
[   16.949100] cloud-init[1387]: Generation complete.
[   17.448784] cloud-init[1387]: Cloud-init v. 19.1-1-gbaa47854-0ubuntu1~16.04.1 running 'modules:config' at Mon, 19 Aug 2019 11:20:27 +0000. Up 15.34 seconds.
[[0;32m  OK  [0m] Started Apply the settings specified in cloud-config.
         Starting Execute cloud user/final scripts...
         Stopping User Manager for UID 1000...
[[0;32m  OK  [0m] Stopped User Manager for UID 1000.
[[0;32m  OK  [0m] Removed slice User Slice of vagrant.
ci-info: no authorized ssh keys fingerprints found for user ubuntu.
<14>Aug 19 11:20:30 ec2: 
<14>Aug 19 11:20:30 ec2: #############################################################
<14>Aug 19 11:20:30 ec2: -----BEGIN SSH HOST KEY FINGERPRINTS-----
<14>Aug 19 11:20:30 ec2: 1024 SHA256:2YX5ynOvfit8xe8GCqfI+YTOz7MuIu/ozkRV986t/KM root@ubuntu-xenial (DSA)
<14>Aug 19 11:20:30 ec2: 256 SHA256:cmgcG8mSvB3s/ztnDFMnBj/JD8z9NrwNeo9aEAos6SQ root@ubuntu-xenial (ECDSA)
<14>Aug 19 11:20:30 ec2: 256 SHA256:8HomS6pEjTI3KJLYgsvOKsH2NtHyVqQ0sc8IcncohNM root@ubuntu-xenial (ED25519)
<14>Aug 19 11:20:30 ec2: 2048 SHA256:lmMfacWRxUnHYhTmqz9ZEiZhA9A7l2agtSA35VTgbcY root@ubuntu-xenial (RSA)
<14>Aug 19 11:20:30 ec2: -----END SSH HOST KEY FINGERPRINTS-----
<14>Aug 19 11:20:30 ec2: #############################################################
-----BEGIN SSH HOST KEY KEYS-----
ecdsa-sha2-nistp256 AAAAE2VjZHNhLXNoYTItbmlzdHAyNTYAAAAIbmlzdHAyNTYAAABBBIdNcwyb50kyXihihtYYRJvigMvcfnvinItgadvLs4dmzgGDlYfRERJ3hz9xHPBfWZXFiFA435C8hyt2TmFZYVY= root@ubuntu-xenial
ssh-ed25519 AAAAC3NzaC1lZDI1NTE5AAAAIF0dx0gzw+YW3UiGlCXdzsWypz4GVks3+R+JDZh74TU5 root@ubuntu-xenial
ssh-rsa AAAAB3NzaC1yc2EAAAADAQABAAABAQDcoHvW9IM6SQ0K/syssW0ZINTCuxUQdo+U/MiUmeUj4Lew84YjELa96faDCKor8ea1bXZgllSe3h+0QiEThy0ZInHB7ifjnUluSaxLr5cFsSvFpcnqvdfQe91GzIcOkb8s3mAzmg46Uun3ItpBgpMiQ1D+q5LfpBX/WBtAUoI0VUzWeX/+wF966VbHgJIIStMqnKWKpX6Q6VxtM9rXOmOK6I+HJ38oDN9GYenNBv7Vjr1FdZFw+mAqZ1J2Yr+jKIhTuw1xxgXE3+s1GO5vgH/Rql/z31kAMQGjf5s8sMgJBvZIhw7SsEzQnOrwnjoEvC5myVr6Z9y6ozx9oxvC8cMd root@ubuntu-xenial
-----END SSH HOST KEY KEYS-----
[   18.277717] cloud-init[1557]: Cloud-init v. 19.1-1-gbaa47854-0ubuntu1~16.04.1 running 'modules:final' at Mon, 19 Aug 2019 11:20:30 +0000. Up 17.95 seconds.
[   18.281023] cloud-init[1557]: ci-info: no authorized ssh keys fingerprints found for user ubuntu.
[   18.284081] cloud-init[1557]: Cloud-init v. 19.1-1-gbaa47854-0ubuntu1~16.04.1 finished at Mon, 19 Aug 2019 11:20:30 +0000. Datasource DataSourceNoCloud [seed=/dev/sdb][dsmode=net].  Up 18.26 seconds
[[0;32m  OK  [0m] Started Execute cloud user/final scripts.
[[0;32m  OK  [0m] Reached target Cloud-init target.

Ubuntu 16.04.6 LTS ubuntu-xenial ttyS0

ubuntu-xenial login: 